// Jest Snapshot v1, https://goo.gl/fbAQLP

exports[`volume volume - 1000 basic renders 1`] = `
Array [
  Object {
    "html": "<p>Item 0</p>",
    "ok": true,
  },
  Object {
    "html": "<p>Item 1</p>",
    "ok": true,
  },
  Object {
    "html": "<p>Item 2</p>",
    "ok": true,
  },
  Object {
    "html": "<p>Item 3</p>",
    "ok": true,
  },
  Object {
    "html": "<p>Item 4</p>",
    "ok": true,
  },
  Object {
    "html": "<p>Item 5</p>",
    "ok": true,
  },
  Object {
    "html": "<p>Item 6</p>",
    "ok": true,
  },
  Object {
    "html": "<p>Item 7</p>",
    "ok": true,
  },
  Object {
    "html": "<p>Item 8</p>",
    "ok": true,
  },
  Object {
    "html": "<p>Item 9</p>",
    "ok": true,
  },
  Object {
    "html": "<p>Item 10</p>",
    "ok": true,
  },
  Object {
    "html": "<p>Item 11</p>",
    "ok": true,
  },
  Object {
    "html": "<p>Item 12</p>",
    "ok": true,
  },
  Object {
    "html": "<p>Item 13</p>",
    "ok": true,
  },
  Object {
    "html": "<p>Item 14</p>",
    "ok": true,
  },
  Object {
    "html": "<p>Item 15</p>",
    "ok": true,
  },
  Object {
    "html": "<p>Item 16</p>",
    "ok": true,
  },
  Object {
    "html": "<p>Item 17</p>",
    "ok": true,
  },
  Object {
    "html": "<p>Item 18</p>",
    "ok": true,
  },
  Object {
    "html": "<p>Item 19</p>",
    "ok": true,
  },
  Object {
    "html": "<p>Item 20</p>",
    "ok": true,
  },
  Object {
    "html": "<p>Item 21</p>",
    "ok": true,
  },
  Object {
    "html": "<p>Item 22</p>",
    "ok": true,
  },
  Object {
    "html": "<p>Item 23</p>",
    "ok": true,
  },
  Object {
    "html": "<p>Item 24</p>",
    "ok": true,
  },
  Object {
    "html": "<p>Item 25</p>",
    "ok": true,
  },
  Object {
    "html": "<p>Item 26</p>",
    "ok": true,
  },
  Object {
    "html": "<p>Item 27</p>",
    "ok": true,
  },
  Object {
    "html": "<p>Item 28</p>",
    "ok": true,
  },
  Object {
    "html": "<p>Item 29</p>",
    "ok": true,
  },
  Object {
    "html": "<p>Item 30</p>",
    "ok": true,
  },
  Object {
    "html": "<p>Item 31</p>",
    "ok": true,
  },
  Object {
    "html": "<p>Item 32</p>",
    "ok": true,
  },
  Object {
    "html": "<p>Item 33</p>",
    "ok": true,
  },
  Object {
    "html": "<p>Item 34</p>",
    "ok": true,
  },
  Object {
    "html": "<p>Item 35</p>",
    "ok": true,
  },
  Object {
    "html": "<p>Item 36</p>",
    "ok": true,
  },
  Object {
    "html": "<p>Item 37</p>",
    "ok": true,
  },
  Object {
    "html": "<p>Item 38</p>",
    "ok": true,
  },
  Object {
    "html": "<p>Item 39</p>",
    "ok": true,
  },
  Object {
    "html": "<p>Item 40</p>",
    "ok": true,
  },
  Object {
    "html": "<p>Item 41</p>",
    "ok": true,
  },
  Object {
    "html": "<p>Item 42</p>",
    "ok": true,
  },
  Object {
    "html": "<p>Item 43</p>",
    "ok": true,
  },
  Object {
    "html": "<p>Item 44</p>",
    "ok": true,
  },
  Object {
    "html": "<p>Item 45</p>",
    "ok": true,
  },
  Object {
    "html": "<p>Item 46</p>",
    "ok": true,
  },
  Object {
    "html": "<p>Item 47</p>",
    "ok": true,
  },
  Object {
    "html": "<p>Item 48</p>",
    "ok": true,
  },
  Object {
    "html": "<p>Item 49</p>",
    "ok": true,
  },
  Object {
    "html": "<p>Item 50</p>",
    "ok": true,
  },
  Object {
    "html": "<p>Item 51</p>",
    "ok": true,
  },
  Object {
    "html": "<p>Item 52</p>",
    "ok": true,
  },
  Object {
    "html": "<p>Item 53</p>",
    "ok": true,
  },
  Object {
    "html": "<p>Item 54</p>",
    "ok": true,
  },
  Object {
    "html": "<p>Item 55</p>",
    "ok": true,
  },
  Object {
    "html": "<p>Item 56</p>",
    "ok": true,
  },
  Object {
    "html": "<p>Item 57</p>",
    "ok": true,
  },
  Object {
    "html": "<p>Item 58</p>",
    "ok": true,
  },
  Object {
    "html": "<p>Item 59</p>",
    "ok": true,
  },
  Object {
    "html": "<p>Item 60</p>",
    "ok": true,
  },
  Object {
    "html": "<p>Item 61</p>",
    "ok": true,
  },
  Object {
    "html": "<p>Item 62</p>",
    "ok": true,
  },
  Object {
    "html": "<p>Item 63</p>",
    "ok": true,
  },
  Object {
    "html": "<p>Item 64</p>",
    "ok": true,
  },
  Object {
    "html": "<p>Item 65</p>",
    "ok": true,
  },
  Object {
    "html": "<p>Item 66</p>",
    "ok": true,
  },
  Object {
    "html": "<p>Item 67</p>",
    "ok": true,
  },
  Object {
    "html": "<p>Item 68</p>",
    "ok": true,
  },
  Object {
    "html": "<p>Item 69</p>",
    "ok": true,
  },
  Object {
    "html": "<p>Item 70</p>",
    "ok": true,
  },
  Object {
    "html": "<p>Item 71</p>",
    "ok": true,
  },
  Object {
    "html": "<p>Item 72</p>",
    "ok": true,
  },
  Object {
    "html": "<p>Item 73</p>",
    "ok": true,
  },
  Object {
    "html": "<p>Item 74</p>",
    "ok": true,
  },
  Object {
    "html": "<p>Item 75</p>",
    "ok": true,
  },
  Object {
    "html": "<p>Item 76</p>",
    "ok": true,
  },
  Object {
    "html": "<p>Item 77</p>",
    "ok": true,
  },
  Object {
    "html": "<p>Item 78</p>",
    "ok": true,
  },
  Object {
    "html": "<p>Item 79</p>",
    "ok": true,
  },
  Object {
    "html": "<p>Item 80</p>",
    "ok": true,
  },
  Object {
    "html": "<p>Item 81</p>",
    "ok": true,
  },
  Object {
    "html": "<p>Item 82</p>",
    "ok": true,
  },
  Object {
    "html": "<p>Item 83</p>",
    "ok": true,
  },
  Object {
    "html": "<p>Item 84</p>",
    "ok": true,
  },
  Object {
    "html": "<p>Item 85</p>",
    "ok": true,
  },
  Object {
    "html": "<p>Item 86</p>",
    "ok": true,
  },
  Object {
    "html": "<p>Item 87</p>",
    "ok": true,
  },
  Object {
    "html": "<p>Item 88</p>",
    "ok": true,
  },
  Object {
    "html": "<p>Item 89</p>",
    "ok": true,
  },
  Object {
    "html": "<p>Item 90</p>",
    "ok": true,
  },
  Object {
    "html": "<p>Item 91</p>",
    "ok": true,
  },
  Object {
    "html": "<p>Item 92</p>",
    "ok": true,
  },
  Object {
    "html": "<p>Item 93</p>",
    "ok": true,
  },
  Object {
    "html": "<p>Item 94</p>",
    "ok": true,
  },
  Object {
    "html": "<p>Item 95</p>",
    "ok": true,
  },
  Object {
    "html": "<p>Item 96</p>",
    "ok": true,
  },
  Object {
    "html": "<p>Item 97</p>",
    "ok": true,
  },
  Object {
    "html": "<p>Item 98</p>",
    "ok": true,
  },
  Object {
    "html": "<p>Item 99</p>",
    "ok": true,
  },
  Object {
    "html": "<p>Item 100</p>",
    "ok": true,
  },
  Object {
    "html": "<p>Item 101</p>",
    "ok": true,
  },
  Object {
    "html": "<p>Item 102</p>",
    "ok": true,
  },
  Object {
    "html": "<p>Item 103</p>",
    "ok": true,
  },
  Object {
    "html": "<p>Item 104</p>",
    "ok": true,
  },
  Object {
    "html": "<p>Item 105</p>",
    "ok": true,
  },
  Object {
    "html": "<p>Item 106</p>",
    "ok": true,
  },
  Object {
    "html": "<p>Item 107</p>",
    "ok": true,
  },
  Object {
    "html": "<p>Item 108</p>",
    "ok": true,
  },
  Object {
    "html": "<p>Item 109</p>",
    "ok": true,
  },
  Object {
    "html": "<p>Item 110</p>",
    "ok": true,
  },
  Object {
    "html": "<p>Item 111</p>",
    "ok": true,
  },
  Object {
    "html": "<p>Item 112</p>",
    "ok": true,
  },
  Object {
    "html": "<p>Item 113</p>",
    "ok": true,
  },
  Object {
    "html": "<p>Item 114</p>",
    "ok": true,
  },
  Object {
    "html": "<p>Item 115</p>",
    "ok": true,
  },
  Object {
    "html": "<p>Item 116</p>",
    "ok": true,
  },
  Object {
    "html": "<p>Item 117</p>",
    "ok": true,
  },
  Object {
    "html": "<p>Item 118</p>",
    "ok": true,
  },
  Object {
    "html": "<p>Item 119</p>",
    "ok": true,
  },
  Object {
    "html": "<p>Item 120</p>",
    "ok": true,
  },
  Object {
    "html": "<p>Item 121</p>",
    "ok": true,
  },
  Object {
    "html": "<p>Item 122</p>",
    "ok": true,
  },
  Object {
    "html": "<p>Item 123</p>",
    "ok": true,
  },
  Object {
    "html": "<p>Item 124</p>",
    "ok": true,
  },
  Object {
    "html": "<p>Item 125</p>",
    "ok": true,
  },
  Object {
    "html": "<p>Item 126</p>",
    "ok": true,
  },
  Object {
    "html": "<p>Item 127</p>",
    "ok": true,
  },
  Object {
    "html": "<p>Item 128</p>",
    "ok": true,
  },
  Object {
    "html": "<p>Item 129</p>",
    "ok": true,
  },
  Object {
    "html": "<p>Item 130</p>",
    "ok": true,
  },
  Object {
    "html": "<p>Item 131</p>",
    "ok": true,
  },
  Object {
    "html": "<p>Item 132</p>",
    "ok": true,
  },
  Object {
    "html": "<p>Item 133</p>",
    "ok": true,
  },
  Object {
    "html": "<p>Item 134</p>",
    "ok": true,
  },
  Object {
    "html": "<p>Item 135</p>",
    "ok": true,
  },
  Object {
    "html": "<p>Item 136</p>",
    "ok": true,
  },
  Object {
    "html": "<p>Item 137</p>",
    "ok": true,
  },
  Object {
    "html": "<p>Item 138</p>",
    "ok": true,
  },
  Object {
    "html": "<p>Item 139</p>",
    "ok": true,
  },
  Object {
    "html": "<p>Item 140</p>",
    "ok": true,
  },
  Object {
    "html": "<p>Item 141</p>",
    "ok": true,
  },
  Object {
    "html": "<p>Item 142</p>",
    "ok": true,
  },
  Object {
    "html": "<p>Item 143</p>",
    "ok": true,
  },
  Object {
    "html": "<p>Item 144</p>",
    "ok": true,
  },
  Object {
    "html": "<p>Item 145</p>",
    "ok": true,
  },
  Object {
    "html": "<p>Item 146</p>",
    "ok": true,
  },
  Object {
    "html": "<p>Item 147</p>",
    "ok": true,
  },
  Object {
    "html": "<p>Item 148</p>",
    "ok": true,
  },
  Object {
    "html": "<p>Item 149</p>",
    "ok": true,
  },
  Object {
    "html": "<p>Item 150</p>",
    "ok": true,
  },
  Object {
    "html": "<p>Item 151</p>",
    "ok": true,
  },
  Object {
    "html": "<p>Item 152</p>",
    "ok": true,
  },
  Object {
    "html": "<p>Item 153</p>",
    "ok": true,
  },
  Object {
    "html": "<p>Item 154</p>",
    "ok": true,
  },
  Object {
    "html": "<p>Item 155</p>",
    "ok": true,
  },
  Object {
    "html": "<p>Item 156</p>",
    "ok": true,
  },
  Object {
    "html": "<p>Item 157</p>",
    "ok": true,
  },
  Object {
    "html": "<p>Item 158</p>",
    "ok": true,
  },
  Object {
    "html": "<p>Item 159</p>",
    "ok": true,
  },
  Object {
    "html": "<p>Item 160</p>",
    "ok": true,
  },
  Object {
    "html": "<p>Item 161</p>",
    "ok": true,
  },
  Object {
    "html": "<p>Item 162</p>",
    "ok": true,
  },
  Object {
    "html": "<p>Item 163</p>",
    "ok": true,
  },
  Object {
    "html": "<p>Item 164</p>",
    "ok": true,
  },
  Object {
    "html": "<p>Item 165</p>",
    "ok": true,
  },
  Object {
    "html": "<p>Item 166</p>",
    "ok": true,
  },
  Object {
    "html": "<p>Item 167</p>",
    "ok": true,
  },
  Object {
    "html": "<p>Item 168</p>",
    "ok": true,
  },
  Object {
    "html": "<p>Item 169</p>",
    "ok": true,
  },
  Object {
    "html": "<p>Item 170</p>",
    "ok": true,
  },
  Object {
    "html": "<p>Item 171</p>",
    "ok": true,
  },
  Object {
    "html": "<p>Item 172</p>",
    "ok": true,
  },
  Object {
    "html": "<p>Item 173</p>",
    "ok": true,
  },
  Object {
    "html": "<p>Item 174</p>",
    "ok": true,
  },
  Object {
    "html": "<p>Item 175</p>",
    "ok": true,
  },
  Object {
    "html": "<p>Item 176</p>",
    "ok": true,
  },
  Object {
    "html": "<p>Item 177</p>",
    "ok": true,
  },
  Object {
    "html": "<p>Item 178</p>",
    "ok": true,
  },
  Object {
    "html": "<p>Item 179</p>",
    "ok": true,
  },
  Object {
    "html": "<p>Item 180</p>",
    "ok": true,
  },
  Object {
    "html": "<p>Item 181</p>",
    "ok": true,
  },
  Object {
    "html": "<p>Item 182</p>",
    "ok": true,
  },
  Object {
    "html": "<p>Item 183</p>",
    "ok": true,
  },
  Object {
    "html": "<p>Item 184</p>",
    "ok": true,
  },
  Object {
    "html": "<p>Item 185</p>",
    "ok": true,
  },
  Object {
    "html": "<p>Item 186</p>",
    "ok": true,
  },
  Object {
    "html": "<p>Item 187</p>",
    "ok": true,
  },
  Object {
    "html": "<p>Item 188</p>",
    "ok": true,
  },
  Object {
    "html": "<p>Item 189</p>",
    "ok": true,
  },
  Object {
    "html": "<p>Item 190</p>",
    "ok": true,
  },
  Object {
    "html": "<p>Item 191</p>",
    "ok": true,
  },
  Object {
    "html": "<p>Item 192</p>",
    "ok": true,
  },
  Object {
    "html": "<p>Item 193</p>",
    "ok": true,
  },
  Object {
    "html": "<p>Item 194</p>",
    "ok": true,
  },
  Object {
    "html": "<p>Item 195</p>",
    "ok": true,
  },
  Object {
    "html": "<p>Item 196</p>",
    "ok": true,
  },
  Object {
    "html": "<p>Item 197</p>",
    "ok": true,
  },
  Object {
    "html": "<p>Item 198</p>",
    "ok": true,
  },
  Object {
    "html": "<p>Item 199</p>",
    "ok": true,
  },
  Object {
    "html": "<p>Item 200</p>",
    "ok": true,
  },
  Object {
    "html": "<p>Item 201</p>",
    "ok": true,
  },
  Object {
    "html": "<p>Item 202</p>",
    "ok": true,
  },
  Object {
    "html": "<p>Item 203</p>",
    "ok": true,
  },
  Object {
    "html": "<p>Item 204</p>",
    "ok": true,
  },
  Object {
    "html": "<p>Item 205</p>",
    "ok": true,
  },
  Object {
    "html": "<p>Item 206</p>",
    "ok": true,
  },
  Object {
    "html": "<p>Item 207</p>",
    "ok": true,
  },
  Object {
    "html": "<p>Item 208</p>",
    "ok": true,
  },
  Object {
    "html": "<p>Item 209</p>",
    "ok": true,
  },
  Object {
    "html": "<p>Item 210</p>",
    "ok": true,
  },
  Object {
    "html": "<p>Item 211</p>",
    "ok": true,
  },
  Object {
    "html": "<p>Item 212</p>",
    "ok": true,
  },
  Object {
    "html": "<p>Item 213</p>",
    "ok": true,
  },
  Object {
    "html": "<p>Item 214</p>",
    "ok": true,
  },
  Object {
    "html": "<p>Item 215</p>",
    "ok": true,
  },
  Object {
    "html": "<p>Item 216</p>",
    "ok": true,
  },
  Object {
    "html": "<p>Item 217</p>",
    "ok": true,
  },
  Object {
    "html": "<p>Item 218</p>",
    "ok": true,
  },
  Object {
    "html": "<p>Item 219</p>",
    "ok": true,
  },
  Object {
    "html": "<p>Item 220</p>",
    "ok": true,
  },
  Object {
    "html": "<p>Item 221</p>",
    "ok": true,
  },
  Object {
    "html": "<p>Item 222</p>",
    "ok": true,
  },
  Object {
    "html": "<p>Item 223</p>",
    "ok": true,
  },
  Object {
    "html": "<p>Item 224</p>",
    "ok": true,
  },
  Object {
    "html": "<p>Item 225</p>",
    "ok": true,
  },
  Object {
    "html": "<p>Item 226</p>",
    "ok": true,
  },
  Object {
    "html": "<p>Item 227</p>",
    "ok": true,
  },
  Object {
    "html": "<p>Item 228</p>",
    "ok": true,
  },
  Object {
    "html": "<p>Item 229</p>",
    "ok": true,
  },
  Object {
    "html": "<p>Item 230</p>",
    "ok": true,
  },
  Object {
    "html": "<p>Item 231</p>",
    "ok": true,
  },
  Object {
    "html": "<p>Item 232</p>",
    "ok": true,
  },
  Object {
    "html": "<p>Item 233</p>",
    "ok": true,
  },
  Object {
    "html": "<p>Item 234</p>",
    "ok": true,
  },
  Object {
    "html": "<p>Item 235</p>",
    "ok": true,
  },
  Object {
    "html": "<p>Item 236</p>",
    "ok": true,
  },
  Object {
    "html": "<p>Item 237</p>",
    "ok": true,
  },
  Object {
    "html": "<p>Item 238</p>",
    "ok": true,
  },
  Object {
    "html": "<p>Item 239</p>",
    "ok": true,
  },
  Object {
    "html": "<p>Item 240</p>",
    "ok": true,
  },
  Object {
    "html": "<p>Item 241</p>",
    "ok": true,
  },
  Object {
    "html": "<p>Item 242</p>",
    "ok": true,
  },
  Object {
    "html": "<p>Item 243</p>",
    "ok": true,
  },
  Object {
    "html": "<p>Item 244</p>",
    "ok": true,
  },
  Object {
    "html": "<p>Item 245</p>",
    "ok": true,
  },
  Object {
    "html": "<p>Item 246</p>",
    "ok": true,
  },
  Object {
    "html": "<p>Item 247</p>",
    "ok": true,
  },
  Object {
    "html": "<p>Item 248</p>",
    "ok": true,
  },
  Object {
    "html": "<p>Item 249</p>",
    "ok": true,
  },
  Object {
    "html": "<p>Item 250</p>",
    "ok": true,
  },
  Object {
    "html": "<p>Item 251</p>",
    "ok": true,
  },
  Object {
    "html": "<p>Item 252</p>",
    "ok": true,
  },
  Object {
    "html": "<p>Item 253</p>",
    "ok": true,
  },
  Object {
    "html": "<p>Item 254</p>",
    "ok": true,
  },
  Object {
    "html": "<p>Item 255</p>",
    "ok": true,
  },
  Object {
    "html": "<p>Item 256</p>",
    "ok": true,
  },
  Object {
    "html": "<p>Item 257</p>",
    "ok": true,
  },
  Object {
    "html": "<p>Item 258</p>",
    "ok": true,
  },
  Object {
    "html": "<p>Item 259</p>",
    "ok": true,
  },
  Object {
    "html": "<p>Item 260</p>",
    "ok": true,
  },
  Object {
    "html": "<p>Item 261</p>",
    "ok": true,
  },
  Object {
    "html": "<p>Item 262</p>",
    "ok": true,
  },
  Object {
    "html": "<p>Item 263</p>",
    "ok": true,
  },
  Object {
    "html": "<p>Item 264</p>",
    "ok": true,
  },
  Object {
    "html": "<p>Item 265</p>",
    "ok": true,
  },
  Object {
    "html": "<p>Item 266</p>",
    "ok": true,
  },
  Object {
    "html": "<p>Item 267</p>",
    "ok": true,
  },
  Object {
    "html": "<p>Item 268</p>",
    "ok": true,
  },
  Object {
    "html": "<p>Item 269</p>",
    "ok": true,
  },
  Object {
    "html": "<p>Item 270</p>",
    "ok": true,
  },
  Object {
    "html": "<p>Item 271</p>",
    "ok": true,
  },
  Object {
    "html": "<p>Item 272</p>",
    "ok": true,
  },
  Object {
    "html": "<p>Item 273</p>",
    "ok": true,
  },
  Object {
    "html": "<p>Item 274</p>",
    "ok": true,
  },
  Object {
    "html": "<p>Item 275</p>",
    "ok": true,
  },
  Object {
    "html": "<p>Item 276</p>",
    "ok": true,
  },
  Object {
    "html": "<p>Item 277</p>",
    "ok": true,
  },
  Object {
    "html": "<p>Item 278</p>",
    "ok": true,
  },
  Object {
    "html": "<p>Item 279</p>",
    "ok": true,
  },
  Object {
    "html": "<p>Item 280</p>",
    "ok": true,
  },
  Object {
    "html": "<p>Item 281</p>",
    "ok": true,
  },
  Object {
    "html": "<p>Item 282</p>",
    "ok": true,
  },
  Object {
    "html": "<p>Item 283</p>",
    "ok": true,
  },
  Object {
    "html": "<p>Item 284</p>",
    "ok": true,
  },
  Object {
    "html": "<p>Item 285</p>",
    "ok": true,
  },
  Object {
    "html": "<p>Item 286</p>",
    "ok": true,
  },
  Object {
    "html": "<p>Item 287</p>",
    "ok": true,
  },
  Object {
    "html": "<p>Item 288</p>",
    "ok": true,
  },
  Object {
    "html": "<p>Item 289</p>",
    "ok": true,
  },
  Object {
    "html": "<p>Item 290</p>",
    "ok": true,
  },
  Object {
    "html": "<p>Item 291</p>",
    "ok": true,
  },
  Object {
    "html": "<p>Item 292</p>",
    "ok": true,
  },
  Object {
    "html": "<p>Item 293</p>",
    "ok": true,
  },
  Object {
    "html": "<p>Item 294</p>",
    "ok": true,
  },
  Object {
    "html": "<p>Item 295</p>",
    "ok": true,
  },
  Object {
    "html": "<p>Item 296</p>",
    "ok": true,
  },
  Object {
    "html": "<p>Item 297</p>",
    "ok": true,
  },
  Object {
    "html": "<p>Item 298</p>",
    "ok": true,
  },
  Object {
    "html": "<p>Item 299</p>",
    "ok": true,
  },
  Object {
    "html": "<p>Item 300</p>",
    "ok": true,
  },
  Object {
    "html": "<p>Item 301</p>",
    "ok": true,
  },
  Object {
    "html": "<p>Item 302</p>",
    "ok": true,
  },
  Object {
    "html": "<p>Item 303</p>",
    "ok": true,
  },
  Object {
    "html": "<p>Item 304</p>",
    "ok": true,
  },
  Object {
    "html": "<p>Item 305</p>",
    "ok": true,
  },
  Object {
    "html": "<p>Item 306</p>",
    "ok": true,
  },
  Object {
    "html": "<p>Item 307</p>",
    "ok": true,
  },
  Object {
    "html": "<p>Item 308</p>",
    "ok": true,
  },
  Object {
    "html": "<p>Item 309</p>",
    "ok": true,
  },
  Object {
    "html": "<p>Item 310</p>",
    "ok": true,
  },
  Object {
    "html": "<p>Item 311</p>",
    "ok": true,
  },
  Object {
    "html": "<p>Item 312</p>",
    "ok": true,
  },
  Object {
    "html": "<p>Item 313</p>",
    "ok": true,
  },
  Object {
    "html": "<p>Item 314</p>",
    "ok": true,
  },
  Object {
    "html": "<p>Item 315</p>",
    "ok": true,
  },
  Object {
    "html": "<p>Item 316</p>",
    "ok": true,
  },
  Object {
    "html": "<p>Item 317</p>",
    "ok": true,
  },
  Object {
    "html": "<p>Item 318</p>",
    "ok": true,
  },
  Object {
    "html": "<p>Item 319</p>",
    "ok": true,
  },
  Object {
    "html": "<p>Item 320</p>",
    "ok": true,
  },
  Object {
    "html": "<p>Item 321</p>",
    "ok": true,
  },
  Object {
    "html": "<p>Item 322</p>",
    "ok": true,
  },
  Object {
    "html": "<p>Item 323</p>",
    "ok": true,
  },
  Object {
    "html": "<p>Item 324</p>",
    "ok": true,
  },
  Object {
    "html": "<p>Item 325</p>",
    "ok": true,
  },
  Object {
    "html": "<p>Item 326</p>",
    "ok": true,
  },
  Object {
    "html": "<p>Item 327</p>",
    "ok": true,
  },
  Object {
    "html": "<p>Item 328</p>",
    "ok": true,
  },
  Object {
    "html": "<p>Item 329</p>",
    "ok": true,
  },
  Object {
    "html": "<p>Item 330</p>",
    "ok": true,
  },
  Object {
    "html": "<p>Item 331</p>",
    "ok": true,
  },
  Object {
    "html": "<p>Item 332</p>",
    "ok": true,
  },
  Object {
    "html": "<p>Item 333</p>",
    "ok": true,
  },
  Object {
    "html": "<p>Item 334</p>",
    "ok": true,
  },
  Object {
    "html": "<p>Item 335</p>",
    "ok": true,
  },
  Object {
    "html": "<p>Item 336</p>",
    "ok": true,
  },
  Object {
    "html": "<p>Item 337</p>",
    "ok": true,
  },
  Object {
    "html": "<p>Item 338</p>",
    "ok": true,
  },
  Object {
    "html": "<p>Item 339</p>",
    "ok": true,
  },
  Object {
    "html": "<p>Item 340</p>",
    "ok": true,
  },
  Object {
    "html": "<p>Item 341</p>",
    "ok": true,
  },
  Object {
    "html": "<p>Item 342</p>",
    "ok": true,
  },
  Object {
    "html": "<p>Item 343</p>",
    "ok": true,
  },
  Object {
    "html": "<p>Item 344</p>",
    "ok": true,
  },
  Object {
    "html": "<p>Item 345</p>",
    "ok": true,
  },
  Object {
    "html": "<p>Item 346</p>",
    "ok": true,
  },
  Object {
    "html": "<p>Item 347</p>",
    "ok": true,
  },
  Object {
    "html": "<p>Item 348</p>",
    "ok": true,
  },
  Object {
    "html": "<p>Item 349</p>",
    "ok": true,
  },
  Object {
    "html": "<p>Item 350</p>",
    "ok": true,
  },
  Object {
    "html": "<p>Item 351</p>",
    "ok": true,
  },
  Object {
    "html": "<p>Item 352</p>",
    "ok": true,
  },
  Object {
    "html": "<p>Item 353</p>",
    "ok": true,
  },
  Object {
    "html": "<p>Item 354</p>",
    "ok": true,
  },
  Object {
    "html": "<p>Item 355</p>",
    "ok": true,
  },
  Object {
    "html": "<p>Item 356</p>",
    "ok": true,
  },
  Object {
    "html": "<p>Item 357</p>",
    "ok": true,
  },
  Object {
    "html": "<p>Item 358</p>",
    "ok": true,
  },
  Object {
    "html": "<p>Item 359</p>",
    "ok": true,
  },
  Object {
    "html": "<p>Item 360</p>",
    "ok": true,
  },
  Object {
    "html": "<p>Item 361</p>",
    "ok": true,
  },
  Object {
    "html": "<p>Item 362</p>",
    "ok": true,
  },
  Object {
    "html": "<p>Item 363</p>",
    "ok": true,
  },
  Object {
    "html": "<p>Item 364</p>",
    "ok": true,
  },
  Object {
    "html": "<p>Item 365</p>",
    "ok": true,
  },
  Object {
    "html": "<p>Item 366</p>",
    "ok": true,
  },
  Object {
    "html": "<p>Item 367</p>",
    "ok": true,
  },
  Object {
    "html": "<p>Item 368</p>",
    "ok": true,
  },
  Object {
    "html": "<p>Item 369</p>",
    "ok": true,
  },
  Object {
    "html": "<p>Item 370</p>",
    "ok": true,
  },
  Object {
    "html": "<p>Item 371</p>",
    "ok": true,
  },
  Object {
    "html": "<p>Item 372</p>",
    "ok": true,
  },
  Object {
    "html": "<p>Item 373</p>",
    "ok": true,
  },
  Object {
    "html": "<p>Item 374</p>",
    "ok": true,
  },
  Object {
    "html": "<p>Item 375</p>",
    "ok": true,
  },
  Object {
    "html": "<p>Item 376</p>",
    "ok": true,
  },
  Object {
    "html": "<p>Item 377</p>",
    "ok": true,
  },
  Object {
    "html": "<p>Item 378</p>",
    "ok": true,
  },
  Object {
    "html": "<p>Item 379</p>",
    "ok": true,
  },
  Object {
    "html": "<p>Item 380</p>",
    "ok": true,
  },
  Object {
    "html": "<p>Item 381</p>",
    "ok": true,
  },
  Object {
    "html": "<p>Item 382</p>",
    "ok": true,
  },
  Object {
    "html": "<p>Item 383</p>",
    "ok": true,
  },
  Object {
    "html": "<p>Item 384</p>",
    "ok": true,
  },
  Object {
    "html": "<p>Item 385</p>",
    "ok": true,
  },
  Object {
    "html": "<p>Item 386</p>",
    "ok": true,
  },
  Object {
    "html": "<p>Item 387</p>",
    "ok": true,
  },
  Object {
    "html": "<p>Item 388</p>",
    "ok": true,
  },
  Object {
    "html": "<p>Item 389</p>",
    "ok": true,
  },
  Object {
    "html": "<p>Item 390</p>",
    "ok": true,
  },
  Object {
    "html": "<p>Item 391</p>",
    "ok": true,
  },
  Object {
    "html": "<p>Item 392</p>",
    "ok": true,
  },
  Object {
    "html": "<p>Item 393</p>",
    "ok": true,
  },
  Object {
    "html": "<p>Item 394</p>",
    "ok": true,
  },
  Object {
    "html": "<p>Item 395</p>",
    "ok": true,
  },
  Object {
    "html": "<p>Item 396</p>",
    "ok": true,
  },
  Object {
    "html": "<p>Item 397</p>",
    "ok": true,
  },
  Object {
    "html": "<p>Item 398</p>",
    "ok": true,
  },
  Object {
    "html": "<p>Item 399</p>",
    "ok": true,
  },
  Object {
    "html": "<p>Item 400</p>",
    "ok": true,
  },
  Object {
    "html": "<p>Item 401</p>",
    "ok": true,
  },
  Object {
    "html": "<p>Item 402</p>",
    "ok": true,
  },
  Object {
    "html": "<p>Item 403</p>",
    "ok": true,
  },
  Object {
    "html": "<p>Item 404</p>",
    "ok": true,
  },
  Object {
    "html": "<p>Item 405</p>",
    "ok": true,
  },
  Object {
    "html": "<p>Item 406</p>",
    "ok": true,
  },
  Object {
    "html": "<p>Item 407</p>",
    "ok": true,
  },
  Object {
    "html": "<p>Item 408</p>",
    "ok": true,
  },
  Object {
    "html": "<p>Item 409</p>",
    "ok": true,
  },
  Object {
    "html": "<p>Item 410</p>",
    "ok": true,
  },
  Object {
    "html": "<p>Item 411</p>",
    "ok": true,
  },
  Object {
    "html": "<p>Item 412</p>",
    "ok": true,
  },
  Object {
    "html": "<p>Item 413</p>",
    "ok": true,
  },
  Object {
    "html": "<p>Item 414</p>",
    "ok": true,
  },
  Object {
    "html": "<p>Item 415</p>",
    "ok": true,
  },
  Object {
    "html": "<p>Item 416</p>",
    "ok": true,
  },
  Object {
    "html": "<p>Item 417</p>",
    "ok": true,
  },
  Object {
    "html": "<p>Item 418</p>",
    "ok": true,
  },
  Object {
    "html": "<p>Item 419</p>",
    "ok": true,
  },
  Object {
    "html": "<p>Item 420</p>",
    "ok": true,
  },
  Object {
    "html": "<p>Item 421</p>",
    "ok": true,
  },
  Object {
    "html": "<p>Item 422</p>",
    "ok": true,
  },
  Object {
    "html": "<p>Item 423</p>",
    "ok": true,
  },
  Object {
    "html": "<p>Item 424</p>",
    "ok": true,
  },
  Object {
    "html": "<p>Item 425</p>",
    "ok": true,
  },
  Object {
    "html": "<p>Item 426</p>",
    "ok": true,
  },
  Object {
    "html": "<p>Item 427</p>",
    "ok": true,
  },
  Object {
    "html": "<p>Item 428</p>",
    "ok": true,
  },
  Object {
    "html": "<p>Item 429</p>",
    "ok": true,
  },
  Object {
    "html": "<p>Item 430</p>",
    "ok": true,
  },
  Object {
    "html": "<p>Item 431</p>",
    "ok": true,
  },
  Object {
    "html": "<p>Item 432</p>",
    "ok": true,
  },
  Object {
    "html": "<p>Item 433</p>",
    "ok": true,
  },
  Object {
    "html": "<p>Item 434</p>",
    "ok": true,
  },
  Object {
    "html": "<p>Item 435</p>",
    "ok": true,
  },
  Object {
    "html": "<p>Item 436</p>",
    "ok": true,
  },
  Object {
    "html": "<p>Item 437</p>",
    "ok": true,
  },
  Object {
    "html": "<p>Item 438</p>",
    "ok": true,
  },
  Object {
    "html": "<p>Item 439</p>",
    "ok": true,
  },
  Object {
    "html": "<p>Item 440</p>",
    "ok": true,
  },
  Object {
    "html": "<p>Item 441</p>",
    "ok": true,
  },
  Object {
    "html": "<p>Item 442</p>",
    "ok": true,
  },
  Object {
    "html": "<p>Item 443</p>",
    "ok": true,
  },
  Object {
    "html": "<p>Item 444</p>",
    "ok": true,
  },
  Object {
    "html": "<p>Item 445</p>",
    "ok": true,
  },
  Object {
    "html": "<p>Item 446</p>",
    "ok": true,
  },
  Object {
    "html": "<p>Item 447</p>",
    "ok": true,
  },
  Object {
    "html": "<p>Item 448</p>",
    "ok": true,
  },
  Object {
    "html": "<p>Item 449</p>",
    "ok": true,
  },
  Object {
    "html": "<p>Item 450</p>",
    "ok": true,
  },
  Object {
    "html": "<p>Item 451</p>",
    "ok": true,
  },
  Object {
    "html": "<p>Item 452</p>",
    "ok": true,
  },
  Object {
    "html": "<p>Item 453</p>",
    "ok": true,
  },
  Object {
    "html": "<p>Item 454</p>",
    "ok": true,
  },
  Object {
    "html": "<p>Item 455</p>",
    "ok": true,
  },
  Object {
    "html": "<p>Item 456</p>",
    "ok": true,
  },
  Object {
    "html": "<p>Item 457</p>",
    "ok": true,
  },
  Object {
    "html": "<p>Item 458</p>",
    "ok": true,
  },
  Object {
    "html": "<p>Item 459</p>",
    "ok": true,
  },
  Object {
    "html": "<p>Item 460</p>",
    "ok": true,
  },
  Object {
    "html": "<p>Item 461</p>",
    "ok": true,
  },
  Object {
    "html": "<p>Item 462</p>",
    "ok": true,
  },
  Object {
    "html": "<p>Item 463</p>",
    "ok": true,
  },
  Object {
    "html": "<p>Item 464</p>",
    "ok": true,
  },
  Object {
    "html": "<p>Item 465</p>",
    "ok": true,
  },
  Object {
    "html": "<p>Item 466</p>",
    "ok": true,
  },
  Object {
    "html": "<p>Item 467</p>",
    "ok": true,
  },
  Object {
    "html": "<p>Item 468</p>",
    "ok": true,
  },
  Object {
    "html": "<p>Item 469</p>",
    "ok": true,
  },
  Object {
    "html": "<p>Item 470</p>",
    "ok": true,
  },
  Object {
    "html": "<p>Item 471</p>",
    "ok": true,
  },
  Object {
    "html": "<p>Item 472</p>",
    "ok": true,
  },
  Object {
    "html": "<p>Item 473</p>",
    "ok": true,
  },
  Object {
    "html": "<p>Item 474</p>",
    "ok": true,
  },
  Object {
    "html": "<p>Item 475</p>",
    "ok": true,
  },
  Object {
    "html": "<p>Item 476</p>",
    "ok": true,
  },
  Object {
    "html": "<p>Item 477</p>",
    "ok": true,
  },
  Object {
    "html": "<p>Item 478</p>",
    "ok": true,
  },
  Object {
    "html": "<p>Item 479</p>",
    "ok": true,
  },
  Object {
    "html": "<p>Item 480</p>",
    "ok": true,
  },
  Object {
    "html": "<p>Item 481</p>",
    "ok": true,
  },
  Object {
    "html": "<p>Item 482</p>",
    "ok": true,
  },
  Object {
    "html": "<p>Item 483</p>",
    "ok": true,
  },
  Object {
    "html": "<p>Item 484</p>",
    "ok": true,
  },
  Object {
    "html": "<p>Item 485</p>",
    "ok": true,
  },
  Object {
    "html": "<p>Item 486</p>",
    "ok": true,
  },
  Object {
    "html": "<p>Item 487</p>",
    "ok": true,
  },
  Object {
    "html": "<p>Item 488</p>",
    "ok": true,
  },
  Object {
    "html": "<p>Item 489</p>",
    "ok": true,
  },
  Object {
    "html": "<p>Item 490</p>",
    "ok": true,
  },
  Object {
    "html": "<p>Item 491</p>",
    "ok": true,
  },
  Object {
    "html": "<p>Item 492</p>",
    "ok": true,
  },
  Object {
    "html": "<p>Item 493</p>",
    "ok": true,
  },
  Object {
    "html": "<p>Item 494</p>",
    "ok": true,
  },
  Object {
    "html": "<p>Item 495</p>",
    "ok": true,
  },
  Object {
    "html": "<p>Item 496</p>",
    "ok": true,
  },
  Object {
    "html": "<p>Item 497</p>",
    "ok": true,
  },
  Object {
    "html": "<p>Item 498</p>",
    "ok": true,
  },
  Object {
    "html": "<p>Item 499</p>",
    "ok": true,
  },
  Object {
    "html": "<p>Item 500</p>",
    "ok": true,
  },
  Object {
    "html": "<p>Item 501</p>",
    "ok": true,
  },
  Object {
    "html": "<p>Item 502</p>",
    "ok": true,
  },
  Object {
    "html": "<p>Item 503</p>",
    "ok": true,
  },
  Object {
    "html": "<p>Item 504</p>",
    "ok": true,
  },
  Object {
    "html": "<p>Item 505</p>",
    "ok": true,
  },
  Object {
    "html": "<p>Item 506</p>",
    "ok": true,
  },
  Object {
    "html": "<p>Item 507</p>",
    "ok": true,
  },
  Object {
    "html": "<p>Item 508</p>",
    "ok": true,
  },
  Object {
    "html": "<p>Item 509</p>",
    "ok": true,
  },
  Object {
    "html": "<p>Item 510</p>",
    "ok": true,
  },
  Object {
    "html": "<p>Item 511</p>",
    "ok": true,
  },
  Object {
    "html": "<p>Item 512</p>",
    "ok": true,
  },
  Object {
    "html": "<p>Item 513</p>",
    "ok": true,
  },
  Object {
    "html": "<p>Item 514</p>",
    "ok": true,
  },
  Object {
    "html": "<p>Item 515</p>",
    "ok": true,
  },
  Object {
    "html": "<p>Item 516</p>",
    "ok": true,
  },
  Object {
    "html": "<p>Item 517</p>",
    "ok": true,
  },
  Object {
    "html": "<p>Item 518</p>",
    "ok": true,
  },
  Object {
    "html": "<p>Item 519</p>",
    "ok": true,
  },
  Object {
    "html": "<p>Item 520</p>",
    "ok": true,
  },
  Object {
    "html": "<p>Item 521</p>",
    "ok": true,
  },
  Object {
    "html": "<p>Item 522</p>",
    "ok": true,
  },
  Object {
    "html": "<p>Item 523</p>",
    "ok": true,
  },
  Object {
    "html": "<p>Item 524</p>",
    "ok": true,
  },
  Object {
    "html": "<p>Item 525</p>",
    "ok": true,
  },
  Object {
    "html": "<p>Item 526</p>",
    "ok": true,
  },
  Object {
    "html": "<p>Item 527</p>",
    "ok": true,
  },
  Object {
    "html": "<p>Item 528</p>",
    "ok": true,
  },
  Object {
    "html": "<p>Item 529</p>",
    "ok": true,
  },
  Object {
    "html": "<p>Item 530</p>",
    "ok": true,
  },
  Object {
    "html": "<p>Item 531</p>",
    "ok": true,
  },
  Object {
    "html": "<p>Item 532</p>",
    "ok": true,
  },
  Object {
    "html": "<p>Item 533</p>",
    "ok": true,
  },
  Object {
    "html": "<p>Item 534</p>",
    "ok": true,
  },
  Object {
    "html": "<p>Item 535</p>",
    "ok": true,
  },
  Object {
    "html": "<p>Item 536</p>",
    "ok": true,
  },
  Object {
    "html": "<p>Item 537</p>",
    "ok": true,
  },
  Object {
    "html": "<p>Item 538</p>",
    "ok": true,
  },
  Object {
    "html": "<p>Item 539</p>",
    "ok": true,
  },
  Object {
    "html": "<p>Item 540</p>",
    "ok": true,
  },
  Object {
    "html": "<p>Item 541</p>",
    "ok": true,
  },
  Object {
    "html": "<p>Item 542</p>",
    "ok": true,
  },
  Object {
    "html": "<p>Item 543</p>",
    "ok": true,
  },
  Object {
    "html": "<p>Item 544</p>",
    "ok": true,
  },
  Object {
    "html": "<p>Item 545</p>",
    "ok": true,
  },
  Object {
    "html": "<p>Item 546</p>",
    "ok": true,
  },
  Object {
    "html": "<p>Item 547</p>",
    "ok": true,
  },
  Object {
    "html": "<p>Item 548</p>",
    "ok": true,
  },
  Object {
    "html": "<p>Item 549</p>",
    "ok": true,
  },
  Object {
    "html": "<p>Item 550</p>",
    "ok": true,
  },
  Object {
    "html": "<p>Item 551</p>",
    "ok": true,
  },
  Object {
    "html": "<p>Item 552</p>",
    "ok": true,
  },
  Object {
    "html": "<p>Item 553</p>",
    "ok": true,
  },
  Object {
    "html": "<p>Item 554</p>",
    "ok": true,
  },
  Object {
    "html": "<p>Item 555</p>",
    "ok": true,
  },
  Object {
    "html": "<p>Item 556</p>",
    "ok": true,
  },
  Object {
    "html": "<p>Item 557</p>",
    "ok": true,
  },
  Object {
    "html": "<p>Item 558</p>",
    "ok": true,
  },
  Object {
    "html": "<p>Item 559</p>",
    "ok": true,
  },
  Object {
    "html": "<p>Item 560</p>",
    "ok": true,
  },
  Object {
    "html": "<p>Item 561</p>",
    "ok": true,
  },
  Object {
    "html": "<p>Item 562</p>",
    "ok": true,
  },
  Object {
    "html": "<p>Item 563</p>",
    "ok": true,
  },
  Object {
    "html": "<p>Item 564</p>",
    "ok": true,
  },
  Object {
    "html": "<p>Item 565</p>",
    "ok": true,
  },
  Object {
    "html": "<p>Item 566</p>",
    "ok": true,
  },
  Object {
    "html": "<p>Item 567</p>",
    "ok": true,
  },
  Object {
    "html": "<p>Item 568</p>",
    "ok": true,
  },
  Object {
    "html": "<p>Item 569</p>",
    "ok": true,
  },
  Object {
    "html": "<p>Item 570</p>",
    "ok": true,
  },
  Object {
    "html": "<p>Item 571</p>",
    "ok": true,
  },
  Object {
    "html": "<p>Item 572</p>",
    "ok": true,
  },
  Object {
    "html": "<p>Item 573</p>",
    "ok": true,
  },
  Object {
    "html": "<p>Item 574</p>",
    "ok": true,
  },
  Object {
    "html": "<p>Item 575</p>",
    "ok": true,
  },
  Object {
    "html": "<p>Item 576</p>",
    "ok": true,
  },
  Object {
    "html": "<p>Item 577</p>",
    "ok": true,
  },
  Object {
    "html": "<p>Item 578</p>",
    "ok": true,
  },
  Object {
    "html": "<p>Item 579</p>",
    "ok": true,
  },
  Object {
    "html": "<p>Item 580</p>",
    "ok": true,
  },
  Object {
    "html": "<p>Item 581</p>",
    "ok": true,
  },
  Object {
    "html": "<p>Item 582</p>",
    "ok": true,
  },
  Object {
    "html": "<p>Item 583</p>",
    "ok": true,
  },
  Object {
    "html": "<p>Item 584</p>",
    "ok": true,
  },
  Object {
    "html": "<p>Item 585</p>",
    "ok": true,
  },
  Object {
    "html": "<p>Item 586</p>",
    "ok": true,
  },
  Object {
    "html": "<p>Item 587</p>",
    "ok": true,
  },
  Object {
    "html": "<p>Item 588</p>",
    "ok": true,
  },
  Object {
    "html": "<p>Item 589</p>",
    "ok": true,
  },
  Object {
    "html": "<p>Item 590</p>",
    "ok": true,
  },
  Object {
    "html": "<p>Item 591</p>",
    "ok": true,
  },
  Object {
    "html": "<p>Item 592</p>",
    "ok": true,
  },
  Object {
    "html": "<p>Item 593</p>",
    "ok": true,
  },
  Object {
    "html": "<p>Item 594</p>",
    "ok": true,
  },
  Object {
    "html": "<p>Item 595</p>",
    "ok": true,
  },
  Object {
    "html": "<p>Item 596</p>",
    "ok": true,
  },
  Object {
    "html": "<p>Item 597</p>",
    "ok": true,
  },
  Object {
    "html": "<p>Item 598</p>",
    "ok": true,
  },
  Object {
    "html": "<p>Item 599</p>",
    "ok": true,
  },
  Object {
    "html": "<p>Item 600</p>",
    "ok": true,
  },
  Object {
    "html": "<p>Item 601</p>",
    "ok": true,
  },
  Object {
    "html": "<p>Item 602</p>",
    "ok": true,
  },
  Object {
    "html": "<p>Item 603</p>",
    "ok": true,
  },
  Object {
    "html": "<p>Item 604</p>",
    "ok": true,
  },
  Object {
    "html": "<p>Item 605</p>",
    "ok": true,
  },
  Object {
    "html": "<p>Item 606</p>",
    "ok": true,
  },
  Object {
    "html": "<p>Item 607</p>",
    "ok": true,
  },
  Object {
    "html": "<p>Item 608</p>",
    "ok": true,
  },
  Object {
    "html": "<p>Item 609</p>",
    "ok": true,
  },
  Object {
    "html": "<p>Item 610</p>",
    "ok": true,
  },
  Object {
    "html": "<p>Item 611</p>",
    "ok": true,
  },
  Object {
    "html": "<p>Item 612</p>",
    "ok": true,
  },
  Object {
    "html": "<p>Item 613</p>",
    "ok": true,
  },
  Object {
    "html": "<p>Item 614</p>",
    "ok": true,
  },
  Object {
    "html": "<p>Item 615</p>",
    "ok": true,
  },
  Object {
    "html": "<p>Item 616</p>",
    "ok": true,
  },
  Object {
    "html": "<p>Item 617</p>",
    "ok": true,
  },
  Object {
    "html": "<p>Item 618</p>",
    "ok": true,
  },
  Object {
    "html": "<p>Item 619</p>",
    "ok": true,
  },
  Object {
    "html": "<p>Item 620</p>",
    "ok": true,
  },
  Object {
    "html": "<p>Item 621</p>",
    "ok": true,
  },
  Object {
    "html": "<p>Item 622</p>",
    "ok": true,
  },
  Object {
    "html": "<p>Item 623</p>",
    "ok": true,
  },
  Object {
    "html": "<p>Item 624</p>",
    "ok": true,
  },
  Object {
    "html": "<p>Item 625</p>",
    "ok": true,
  },
  Object {
    "html": "<p>Item 626</p>",
    "ok": true,
  },
  Object {
    "html": "<p>Item 627</p>",
    "ok": true,
  },
  Object {
    "html": "<p>Item 628</p>",
    "ok": true,
  },
  Object {
    "html": "<p>Item 629</p>",
    "ok": true,
  },
  Object {
    "html": "<p>Item 630</p>",
    "ok": true,
  },
  Object {
    "html": "<p>Item 631</p>",
    "ok": true,
  },
  Object {
    "html": "<p>Item 632</p>",
    "ok": true,
  },
  Object {
    "html": "<p>Item 633</p>",
    "ok": true,
  },
  Object {
    "html": "<p>Item 634</p>",
    "ok": true,
  },
  Object {
    "html": "<p>Item 635</p>",
    "ok": true,
  },
  Object {
    "html": "<p>Item 636</p>",
    "ok": true,
  },
  Object {
    "html": "<p>Item 637</p>",
    "ok": true,
  },
  Object {
    "html": "<p>Item 638</p>",
    "ok": true,
  },
  Object {
    "html": "<p>Item 639</p>",
    "ok": true,
  },
  Object {
    "html": "<p>Item 640</p>",
    "ok": true,
  },
  Object {
    "html": "<p>Item 641</p>",
    "ok": true,
  },
  Object {
    "html": "<p>Item 642</p>",
    "ok": true,
  },
  Object {
    "html": "<p>Item 643</p>",
    "ok": true,
  },
  Object {
    "html": "<p>Item 644</p>",
    "ok": true,
  },
  Object {
    "html": "<p>Item 645</p>",
    "ok": true,
  },
  Object {
    "html": "<p>Item 646</p>",
    "ok": true,
  },
  Object {
    "html": "<p>Item 647</p>",
    "ok": true,
  },
  Object {
    "html": "<p>Item 648</p>",
    "ok": true,
  },
  Object {
    "html": "<p>Item 649</p>",
    "ok": true,
  },
  Object {
    "html": "<p>Item 650</p>",
    "ok": true,
  },
  Object {
    "html": "<p>Item 651</p>",
    "ok": true,
  },
  Object {
    "html": "<p>Item 652</p>",
    "ok": true,
  },
  Object {
    "html": "<p>Item 653</p>",
    "ok": true,
  },
  Object {
    "html": "<p>Item 654</p>",
    "ok": true,
  },
  Object {
    "html": "<p>Item 655</p>",
    "ok": true,
  },
  Object {
    "html": "<p>Item 656</p>",
    "ok": true,
  },
  Object {
    "html": "<p>Item 657</p>",
    "ok": true,
  },
  Object {
    "html": "<p>Item 658</p>",
    "ok": true,
  },
  Object {
    "html": "<p>Item 659</p>",
    "ok": true,
  },
  Object {
    "html": "<p>Item 660</p>",
    "ok": true,
  },
  Object {
    "html": "<p>Item 661</p>",
    "ok": true,
  },
  Object {
    "html": "<p>Item 662</p>",
    "ok": true,
  },
  Object {
    "html": "<p>Item 663</p>",
    "ok": true,
  },
  Object {
    "html": "<p>Item 664</p>",
    "ok": true,
  },
  Object {
    "html": "<p>Item 665</p>",
    "ok": true,
  },
  Object {
    "html": "<p>Item 666</p>",
    "ok": true,
  },
  Object {
    "html": "<p>Item 667</p>",
    "ok": true,
  },
  Object {
    "html": "<p>Item 668</p>",
    "ok": true,
  },
  Object {
    "html": "<p>Item 669</p>",
    "ok": true,
  },
  Object {
    "html": "<p>Item 670</p>",
    "ok": true,
  },
  Object {
    "html": "<p>Item 671</p>",
    "ok": true,
  },
  Object {
    "html": "<p>Item 672</p>",
    "ok": true,
  },
  Object {
    "html": "<p>Item 673</p>",
    "ok": true,
  },
  Object {
    "html": "<p>Item 674</p>",
    "ok": true,
  },
  Object {
    "html": "<p>Item 675</p>",
    "ok": true,
  },
  Object {
    "html": "<p>Item 676</p>",
    "ok": true,
  },
  Object {
    "html": "<p>Item 677</p>",
    "ok": true,
  },
  Object {
    "html": "<p>Item 678</p>",
    "ok": true,
  },
  Object {
    "html": "<p>Item 679</p>",
    "ok": true,
  },
  Object {
    "html": "<p>Item 680</p>",
    "ok": true,
  },
  Object {
    "html": "<p>Item 681</p>",
    "ok": true,
  },
  Object {
    "html": "<p>Item 682</p>",
    "ok": true,
  },
  Object {
    "html": "<p>Item 683</p>",
    "ok": true,
  },
  Object {
    "html": "<p>Item 684</p>",
    "ok": true,
  },
  Object {
    "html": "<p>Item 685</p>",
    "ok": true,
  },
  Object {
    "html": "<p>Item 686</p>",
    "ok": true,
  },
  Object {
    "html": "<p>Item 687</p>",
    "ok": true,
  },
  Object {
    "html": "<p>Item 688</p>",
    "ok": true,
  },
  Object {
    "html": "<p>Item 689</p>",
    "ok": true,
  },
  Object {
    "html": "<p>Item 690</p>",
    "ok": true,
  },
  Object {
    "html": "<p>Item 691</p>",
    "ok": true,
  },
  Object {
    "html": "<p>Item 692</p>",
    "ok": true,
  },
  Object {
    "html": "<p>Item 693</p>",
    "ok": true,
  },
  Object {
    "html": "<p>Item 694</p>",
    "ok": true,
  },
  Object {
    "html": "<p>Item 695</p>",
    "ok": true,
  },
  Object {
    "html": "<p>Item 696</p>",
    "ok": true,
  },
  Object {
    "html": "<p>Item 697</p>",
    "ok": true,
  },
  Object {
    "html": "<p>Item 698</p>",
    "ok": true,
  },
  Object {
    "html": "<p>Item 699</p>",
    "ok": true,
  },
  Object {
    "html": "<p>Item 700</p>",
    "ok": true,
  },
  Object {
    "html": "<p>Item 701</p>",
    "ok": true,
  },
  Object {
    "html": "<p>Item 702</p>",
    "ok": true,
  },
  Object {
    "html": "<p>Item 703</p>",
    "ok": true,
  },
  Object {
    "html": "<p>Item 704</p>",
    "ok": true,
  },
  Object {
    "html": "<p>Item 705</p>",
    "ok": true,
  },
  Object {
    "html": "<p>Item 706</p>",
    "ok": true,
  },
  Object {
    "html": "<p>Item 707</p>",
    "ok": true,
  },
  Object {
    "html": "<p>Item 708</p>",
    "ok": true,
  },
  Object {
    "html": "<p>Item 709</p>",
    "ok": true,
  },
  Object {
    "html": "<p>Item 710</p>",
    "ok": true,
  },
  Object {
    "html": "<p>Item 711</p>",
    "ok": true,
  },
  Object {
    "html": "<p>Item 712</p>",
    "ok": true,
  },
  Object {
    "html": "<p>Item 713</p>",
    "ok": true,
  },
  Object {
    "html": "<p>Item 714</p>",
    "ok": true,
  },
  Object {
    "html": "<p>Item 715</p>",
    "ok": true,
  },
  Object {
    "html": "<p>Item 716</p>",
    "ok": true,
  },
  Object {
    "html": "<p>Item 717</p>",
    "ok": true,
  },
  Object {
    "html": "<p>Item 718</p>",
    "ok": true,
  },
  Object {
    "html": "<p>Item 719</p>",
    "ok": true,
  },
  Object {
    "html": "<p>Item 720</p>",
    "ok": true,
  },
  Object {
    "html": "<p>Item 721</p>",
    "ok": true,
  },
  Object {
    "html": "<p>Item 722</p>",
    "ok": true,
  },
  Object {
    "html": "<p>Item 723</p>",
    "ok": true,
  },
  Object {
    "html": "<p>Item 724</p>",
    "ok": true,
  },
  Object {
    "html": "<p>Item 725</p>",
    "ok": true,
  },
  Object {
    "html": "<p>Item 726</p>",
    "ok": true,
  },
  Object {
    "html": "<p>Item 727</p>",
    "ok": true,
  },
  Object {
    "html": "<p>Item 728</p>",
    "ok": true,
  },
  Object {
    "html": "<p>Item 729</p>",
    "ok": true,
  },
  Object {
    "html": "<p>Item 730</p>",
    "ok": true,
  },
  Object {
    "html": "<p>Item 731</p>",
    "ok": true,
  },
  Object {
    "html": "<p>Item 732</p>",
    "ok": true,
  },
  Object {
    "html": "<p>Item 733</p>",
    "ok": true,
  },
  Object {
    "html": "<p>Item 734</p>",
    "ok": true,
  },
  Object {
    "html": "<p>Item 735</p>",
    "ok": true,
  },
  Object {
    "html": "<p>Item 736</p>",
    "ok": true,
  },
  Object {
    "html": "<p>Item 737</p>",
    "ok": true,
  },
  Object {
    "html": "<p>Item 738</p>",
    "ok": true,
  },
  Object {
    "html": "<p>Item 739</p>",
    "ok": true,
  },
  Object {
    "html": "<p>Item 740</p>",
    "ok": true,
  },
  Object {
    "html": "<p>Item 741</p>",
    "ok": true,
  },
  Object {
    "html": "<p>Item 742</p>",
    "ok": true,
  },
  Object {
    "html": "<p>Item 743</p>",
    "ok": true,
  },
  Object {
    "html": "<p>Item 744</p>",
    "ok": true,
  },
  Object {
    "html": "<p>Item 745</p>",
    "ok": true,
  },
  Object {
    "html": "<p>Item 746</p>",
    "ok": true,
  },
  Object {
    "html": "<p>Item 747</p>",
    "ok": true,
  },
  Object {
    "html": "<p>Item 748</p>",
    "ok": true,
  },
  Object {
    "html": "<p>Item 749</p>",
    "ok": true,
  },
  Object {
    "html": "<p>Item 750</p>",
    "ok": true,
  },
  Object {
    "html": "<p>Item 751</p>",
    "ok": true,
  },
  Object {
    "html": "<p>Item 752</p>",
    "ok": true,
  },
  Object {
    "html": "<p>Item 753</p>",
    "ok": true,
  },
  Object {
    "html": "<p>Item 754</p>",
    "ok": true,
  },
  Object {
    "html": "<p>Item 755</p>",
    "ok": true,
  },
  Object {
    "html": "<p>Item 756</p>",
    "ok": true,
  },
  Object {
    "html": "<p>Item 757</p>",
    "ok": true,
  },
  Object {
    "html": "<p>Item 758</p>",
    "ok": true,
  },
  Object {
    "html": "<p>Item 759</p>",
    "ok": true,
  },
  Object {
    "html": "<p>Item 760</p>",
    "ok": true,
  },
  Object {
    "html": "<p>Item 761</p>",
    "ok": true,
  },
  Object {
    "html": "<p>Item 762</p>",
    "ok": true,
  },
  Object {
    "html": "<p>Item 763</p>",
    "ok": true,
  },
  Object {
    "html": "<p>Item 764</p>",
    "ok": true,
  },
  Object {
    "html": "<p>Item 765</p>",
    "ok": true,
  },
  Object {
    "html": "<p>Item 766</p>",
    "ok": true,
  },
  Object {
    "html": "<p>Item 767</p>",
    "ok": true,
  },
  Object {
    "html": "<p>Item 768</p>",
    "ok": true,
  },
  Object {
    "html": "<p>Item 769</p>",
    "ok": true,
  },
  Object {
    "html": "<p>Item 770</p>",
    "ok": true,
  },
  Object {
    "html": "<p>Item 771</p>",
    "ok": true,
  },
  Object {
    "html": "<p>Item 772</p>",
    "ok": true,
  },
  Object {
    "html": "<p>Item 773</p>",
    "ok": true,
  },
  Object {
    "html": "<p>Item 774</p>",
    "ok": true,
  },
  Object {
    "html": "<p>Item 775</p>",
    "ok": true,
  },
  Object {
    "html": "<p>Item 776</p>",
    "ok": true,
  },
  Object {
    "html": "<p>Item 777</p>",
    "ok": true,
  },
  Object {
    "html": "<p>Item 778</p>",
    "ok": true,
  },
  Object {
    "html": "<p>Item 779</p>",
    "ok": true,
  },
  Object {
    "html": "<p>Item 780</p>",
    "ok": true,
  },
  Object {
    "html": "<p>Item 781</p>",
    "ok": true,
  },
  Object {
    "html": "<p>Item 782</p>",
    "ok": true,
  },
  Object {
    "html": "<p>Item 783</p>",
    "ok": true,
  },
  Object {
    "html": "<p>Item 784</p>",
    "ok": true,
  },
  Object {
    "html": "<p>Item 785</p>",
    "ok": true,
  },
  Object {
    "html": "<p>Item 786</p>",
    "ok": true,
  },
  Object {
    "html": "<p>Item 787</p>",
    "ok": true,
  },
  Object {
    "html": "<p>Item 788</p>",
    "ok": true,
  },
  Object {
    "html": "<p>Item 789</p>",
    "ok": true,
  },
  Object {
    "html": "<p>Item 790</p>",
    "ok": true,
  },
  Object {
    "html": "<p>Item 791</p>",
    "ok": true,
  },
  Object {
    "html": "<p>Item 792</p>",
    "ok": true,
  },
  Object {
    "html": "<p>Item 793</p>",
    "ok": true,
  },
  Object {
    "html": "<p>Item 794</p>",
    "ok": true,
  },
  Object {
    "html": "<p>Item 795</p>",
    "ok": true,
  },
  Object {
    "html": "<p>Item 796</p>",
    "ok": true,
  },
  Object {
    "html": "<p>Item 797</p>",
    "ok": true,
  },
  Object {
    "html": "<p>Item 798</p>",
    "ok": true,
  },
  Object {
    "html": "<p>Item 799</p>",
    "ok": true,
  },
  Object {
    "html": "<p>Item 800</p>",
    "ok": true,
  },
  Object {
    "html": "<p>Item 801</p>",
    "ok": true,
  },
  Object {
    "html": "<p>Item 802</p>",
    "ok": true,
  },
  Object {
    "html": "<p>Item 803</p>",
    "ok": true,
  },
  Object {
    "html": "<p>Item 804</p>",
    "ok": true,
  },
  Object {
    "html": "<p>Item 805</p>",
    "ok": true,
  },
  Object {
    "html": "<p>Item 806</p>",
    "ok": true,
  },
  Object {
    "html": "<p>Item 807</p>",
    "ok": true,
  },
  Object {
    "html": "<p>Item 808</p>",
    "ok": true,
  },
  Object {
    "html": "<p>Item 809</p>",
    "ok": true,
  },
  Object {
    "html": "<p>Item 810</p>",
    "ok": true,
  },
  Object {
    "html": "<p>Item 811</p>",
    "ok": true,
  },
  Object {
    "html": "<p>Item 812</p>",
    "ok": true,
  },
  Object {
    "html": "<p>Item 813</p>",
    "ok": true,
  },
  Object {
    "html": "<p>Item 814</p>",
    "ok": true,
  },
  Object {
    "html": "<p>Item 815</p>",
    "ok": true,
  },
  Object {
    "html": "<p>Item 816</p>",
    "ok": true,
  },
  Object {
    "html": "<p>Item 817</p>",
    "ok": true,
  },
  Object {
    "html": "<p>Item 818</p>",
    "ok": true,
  },
  Object {
    "html": "<p>Item 819</p>",
    "ok": true,
  },
  Object {
    "html": "<p>Item 820</p>",
    "ok": true,
  },
  Object {
    "html": "<p>Item 821</p>",
    "ok": true,
  },
  Object {
    "html": "<p>Item 822</p>",
    "ok": true,
  },
  Object {
    "html": "<p>Item 823</p>",
    "ok": true,
  },
  Object {
    "html": "<p>Item 824</p>",
    "ok": true,
  },
  Object {
    "html": "<p>Item 825</p>",
    "ok": true,
  },
  Object {
    "html": "<p>Item 826</p>",
    "ok": true,
  },
  Object {
    "html": "<p>Item 827</p>",
    "ok": true,
  },
  Object {
    "html": "<p>Item 828</p>",
    "ok": true,
  },
  Object {
    "html": "<p>Item 829</p>",
    "ok": true,
  },
  Object {
    "html": "<p>Item 830</p>",
    "ok": true,
  },
  Object {
    "html": "<p>Item 831</p>",
    "ok": true,
  },
  Object {
    "html": "<p>Item 832</p>",
    "ok": true,
  },
  Object {
    "html": "<p>Item 833</p>",
    "ok": true,
  },
  Object {
    "html": "<p>Item 834</p>",
    "ok": true,
  },
  Object {
    "html": "<p>Item 835</p>",
    "ok": true,
  },
  Object {
    "html": "<p>Item 836</p>",
    "ok": true,
  },
  Object {
    "html": "<p>Item 837</p>",
    "ok": true,
  },
  Object {
    "html": "<p>Item 838</p>",
    "ok": true,
  },
  Object {
    "html": "<p>Item 839</p>",
    "ok": true,
  },
  Object {
    "html": "<p>Item 840</p>",
    "ok": true,
  },
  Object {
    "html": "<p>Item 841</p>",
    "ok": true,
  },
  Object {
    "html": "<p>Item 842</p>",
    "ok": true,
  },
  Object {
    "html": "<p>Item 843</p>",
    "ok": true,
  },
  Object {
    "html": "<p>Item 844</p>",
    "ok": true,
  },
  Object {
    "html": "<p>Item 845</p>",
    "ok": true,
  },
  Object {
    "html": "<p>Item 846</p>",
    "ok": true,
  },
  Object {
    "html": "<p>Item 847</p>",
    "ok": true,
  },
  Object {
    "html": "<p>Item 848</p>",
    "ok": true,
  },
  Object {
    "html": "<p>Item 849</p>",
    "ok": true,
  },
  Object {
    "html": "<p>Item 850</p>",
    "ok": true,
  },
  Object {
    "html": "<p>Item 851</p>",
    "ok": true,
  },
  Object {
    "html": "<p>Item 852</p>",
    "ok": true,
  },
  Object {
    "html": "<p>Item 853</p>",
    "ok": true,
  },
  Object {
    "html": "<p>Item 854</p>",
    "ok": true,
  },
  Object {
    "html": "<p>Item 855</p>",
    "ok": true,
  },
  Object {
    "html": "<p>Item 856</p>",
    "ok": true,
  },
  Object {
    "html": "<p>Item 857</p>",
    "ok": true,
  },
  Object {
    "html": "<p>Item 858</p>",
    "ok": true,
  },
  Object {
    "html": "<p>Item 859</p>",
    "ok": true,
  },
  Object {
    "html": "<p>Item 860</p>",
    "ok": true,
  },
  Object {
    "html": "<p>Item 861</p>",
    "ok": true,
  },
  Object {
    "html": "<p>Item 862</p>",
    "ok": true,
  },
  Object {
    "html": "<p>Item 863</p>",
    "ok": true,
  },
  Object {
    "html": "<p>Item 864</p>",
    "ok": true,
  },
  Object {
    "html": "<p>Item 865</p>",
    "ok": true,
  },
  Object {
    "html": "<p>Item 866</p>",
    "ok": true,
  },
  Object {
    "html": "<p>Item 867</p>",
    "ok": true,
  },
  Object {
    "html": "<p>Item 868</p>",
    "ok": true,
  },
  Object {
    "html": "<p>Item 869</p>",
    "ok": true,
  },
  Object {
    "html": "<p>Item 870</p>",
    "ok": true,
  },
  Object {
    "html": "<p>Item 871</p>",
    "ok": true,
  },
  Object {
    "html": "<p>Item 872</p>",
    "ok": true,
  },
  Object {
    "html": "<p>Item 873</p>",
    "ok": true,
  },
  Object {
    "html": "<p>Item 874</p>",
    "ok": true,
  },
  Object {
    "html": "<p>Item 875</p>",
    "ok": true,
  },
  Object {
    "html": "<p>Item 876</p>",
    "ok": true,
  },
  Object {
    "html": "<p>Item 877</p>",
    "ok": true,
  },
  Object {
    "html": "<p>Item 878</p>",
    "ok": true,
  },
  Object {
    "html": "<p>Item 879</p>",
    "ok": true,
  },
  Object {
    "html": "<p>Item 880</p>",
    "ok": true,
  },
  Object {
    "html": "<p>Item 881</p>",
    "ok": true,
  },
  Object {
    "html": "<p>Item 882</p>",
    "ok": true,
  },
  Object {
    "html": "<p>Item 883</p>",
    "ok": true,
  },
  Object {
    "html": "<p>Item 884</p>",
    "ok": true,
  },
  Object {
    "html": "<p>Item 885</p>",
    "ok": true,
  },
  Object {
    "html": "<p>Item 886</p>",
    "ok": true,
  },
  Object {
    "html": "<p>Item 887</p>",
    "ok": true,
  },
  Object {
    "html": "<p>Item 888</p>",
    "ok": true,
  },
  Object {
    "html": "<p>Item 889</p>",
    "ok": true,
  },
  Object {
    "html": "<p>Item 890</p>",
    "ok": true,
  },
  Object {
    "html": "<p>Item 891</p>",
    "ok": true,
  },
  Object {
    "html": "<p>Item 892</p>",
    "ok": true,
  },
  Object {
    "html": "<p>Item 893</p>",
    "ok": true,
  },
  Object {
    "html": "<p>Item 894</p>",
    "ok": true,
  },
  Object {
    "html": "<p>Item 895</p>",
    "ok": true,
  },
  Object {
    "html": "<p>Item 896</p>",
    "ok": true,
  },
  Object {
    "html": "<p>Item 897</p>",
    "ok": true,
  },
  Object {
    "html": "<p>Item 898</p>",
    "ok": true,
  },
  Object {
    "html": "<p>Item 899</p>",
    "ok": true,
  },
  Object {
    "html": "<p>Item 900</p>",
    "ok": true,
  },
  Object {
    "html": "<p>Item 901</p>",
    "ok": true,
  },
  Object {
    "html": "<p>Item 902</p>",
    "ok": true,
  },
  Object {
    "html": "<p>Item 903</p>",
    "ok": true,
  },
  Object {
    "html": "<p>Item 904</p>",
    "ok": true,
  },
  Object {
    "html": "<p>Item 905</p>",
    "ok": true,
  },
  Object {
    "html": "<p>Item 906</p>",
    "ok": true,
  },
  Object {
    "html": "<p>Item 907</p>",
    "ok": true,
  },
  Object {
    "html": "<p>Item 908</p>",
    "ok": true,
  },
  Object {
    "html": "<p>Item 909</p>",
    "ok": true,
  },
  Object {
    "html": "<p>Item 910</p>",
    "ok": true,
  },
  Object {
    "html": "<p>Item 911</p>",
    "ok": true,
  },
  Object {
    "html": "<p>Item 912</p>",
    "ok": true,
  },
  Object {
    "html": "<p>Item 913</p>",
    "ok": true,
  },
  Object {
    "html": "<p>Item 914</p>",
    "ok": true,
  },
  Object {
    "html": "<p>Item 915</p>",
    "ok": true,
  },
  Object {
    "html": "<p>Item 916</p>",
    "ok": true,
  },
  Object {
    "html": "<p>Item 917</p>",
    "ok": true,
  },
  Object {
    "html": "<p>Item 918</p>",
    "ok": true,
  },
  Object {
    "html": "<p>Item 919</p>",
    "ok": true,
  },
  Object {
    "html": "<p>Item 920</p>",
    "ok": true,
  },
  Object {
    "html": "<p>Item 921</p>",
    "ok": true,
  },
  Object {
    "html": "<p>Item 922</p>",
    "ok": true,
  },
  Object {
    "html": "<p>Item 923</p>",
    "ok": true,
  },
  Object {
    "html": "<p>Item 924</p>",
    "ok": true,
  },
  Object {
    "html": "<p>Item 925</p>",
    "ok": true,
  },
  Object {
    "html": "<p>Item 926</p>",
    "ok": true,
  },
  Object {
    "html": "<p>Item 927</p>",
    "ok": true,
  },
  Object {
    "html": "<p>Item 928</p>",
    "ok": true,
  },
  Object {
    "html": "<p>Item 929</p>",
    "ok": true,
  },
  Object {
    "html": "<p>Item 930</p>",
    "ok": true,
  },
  Object {
    "html": "<p>Item 931</p>",
    "ok": true,
  },
  Object {
    "html": "<p>Item 932</p>",
    "ok": true,
  },
  Object {
    "html": "<p>Item 933</p>",
    "ok": true,
  },
  Object {
    "html": "<p>Item 934</p>",
    "ok": true,
  },
  Object {
    "html": "<p>Item 935</p>",
    "ok": true,
  },
  Object {
    "html": "<p>Item 936</p>",
    "ok": true,
  },
  Object {
    "html": "<p>Item 937</p>",
    "ok": true,
  },
  Object {
    "html": "<p>Item 938</p>",
    "ok": true,
  },
  Object {
    "html": "<p>Item 939</p>",
    "ok": true,
  },
  Object {
    "html": "<p>Item 940</p>",
    "ok": true,
  },
  Object {
    "html": "<p>Item 941</p>",
    "ok": true,
  },
  Object {
    "html": "<p>Item 942</p>",
    "ok": true,
  },
  Object {
    "html": "<p>Item 943</p>",
    "ok": true,
  },
  Object {
    "html": "<p>Item 944</p>",
    "ok": true,
  },
  Object {
    "html": "<p>Item 945</p>",
    "ok": true,
  },
  Object {
    "html": "<p>Item 946</p>",
    "ok": true,
  },
  Object {
    "html": "<p>Item 947</p>",
    "ok": true,
  },
  Object {
    "html": "<p>Item 948</p>",
    "ok": true,
  },
  Object {
    "html": "<p>Item 949</p>",
    "ok": true,
  },
  Object {
    "html": "<p>Item 950</p>",
    "ok": true,
  },
  Object {
    "html": "<p>Item 951</p>",
    "ok": true,
  },
  Object {
    "html": "<p>Item 952</p>",
    "ok": true,
  },
  Object {
    "html": "<p>Item 953</p>",
    "ok": true,
  },
  Object {
    "html": "<p>Item 954</p>",
    "ok": true,
  },
  Object {
    "html": "<p>Item 955</p>",
    "ok": true,
  },
  Object {
    "html": "<p>Item 956</p>",
    "ok": true,
  },
  Object {
    "html": "<p>Item 957</p>",
    "ok": true,
  },
  Object {
    "html": "<p>Item 958</p>",
    "ok": true,
  },
  Object {
    "html": "<p>Item 959</p>",
    "ok": true,
  },
  Object {
    "html": "<p>Item 960</p>",
    "ok": true,
  },
  Object {
    "html": "<p>Item 961</p>",
    "ok": true,
  },
  Object {
    "html": "<p>Item 962</p>",
    "ok": true,
  },
  Object {
    "html": "<p>Item 963</p>",
    "ok": true,
  },
  Object {
    "html": "<p>Item 964</p>",
    "ok": true,
  },
  Object {
    "html": "<p>Item 965</p>",
    "ok": true,
  },
  Object {
    "html": "<p>Item 966</p>",
    "ok": true,
  },
  Object {
    "html": "<p>Item 967</p>",
    "ok": true,
  },
  Object {
    "html": "<p>Item 968</p>",
    "ok": true,
  },
  Object {
    "html": "<p>Item 969</p>",
    "ok": true,
  },
  Object {
    "html": "<p>Item 970</p>",
    "ok": true,
  },
  Object {
    "html": "<p>Item 971</p>",
    "ok": true,
  },
  Object {
    "html": "<p>Item 972</p>",
    "ok": true,
  },
  Object {
    "html": "<p>Item 973</p>",
    "ok": true,
  },
  Object {
    "html": "<p>Item 974</p>",
    "ok": true,
  },
  Object {
    "html": "<p>Item 975</p>",
    "ok": true,
  },
  Object {
    "html": "<p>Item 976</p>",
    "ok": true,
  },
  Object {
    "html": "<p>Item 977</p>",
    "ok": true,
  },
  Object {
    "html": "<p>Item 978</p>",
    "ok": true,
  },
  Object {
    "html": "<p>Item 979</p>",
    "ok": true,
  },
  Object {
    "html": "<p>Item 980</p>",
    "ok": true,
  },
  Object {
    "html": "<p>Item 981</p>",
    "ok": true,
  },
  Object {
    "html": "<p>Item 982</p>",
    "ok": true,
  },
  Object {
    "html": "<p>Item 983</p>",
    "ok": true,
  },
  Object {
    "html": "<p>Item 984</p>",
    "ok": true,
  },
  Object {
    "html": "<p>Item 985</p>",
    "ok": true,
  },
  Object {
    "html": "<p>Item 986</p>",
    "ok": true,
  },
  Object {
    "html": "<p>Item 987</p>",
    "ok": true,
  },
  Object {
    "html": "<p>Item 988</p>",
    "ok": true,
  },
  Object {
    "html": "<p>Item 989</p>",
    "ok": true,
  },
  Object {
    "html": "<p>Item 990</p>",
    "ok": true,
  },
  Object {
    "html": "<p>Item 991</p>",
    "ok": true,
  },
  Object {
    "html": "<p>Item 992</p>",
    "ok": true,
  },
  Object {
    "html": "<p>Item 993</p>",
    "ok": true,
  },
  Object {
    "html": "<p>Item 994</p>",
    "ok": true,
  },
  Object {
    "html": "<p>Item 995</p>",
    "ok": true,
  },
  Object {
    "html": "<p>Item 996</p>",
    "ok": true,
  },
  Object {
    "html": "<p>Item 997</p>",
    "ok": true,
  },
  Object {
    "html": "<p>Item 998</p>",
    "ok": true,
  },
  Object {
    "html": "<p>Item 999</p>",
    "ok": true,
  },
]
`;
